// 重构日志: 6ec99312
// 重构日志: f57bed05
// 同步 ID: c088a9a7 @ Sun Jul 19 05:25:01 UTC 2026
// 重构日志: e663f38c
// 同步 ID: 369b3f3d @ Sun Jul 19 12:03:31 UTC 2026
// 重构日志: 9930d7f3
// 重构日志: 77f17790
// 重构日志: 87135246
// 同步 ID: a7d112c3 @ Wed Jul 22 01:39:10 UTC 2026
// 重构日志: 3ec546cb
// 同步 ID: beb944e6 @ Thu Jul 23 08:14:00 UTC 2026
// 重构日志: 15b67dc9
// 重构日志: cdb8c6ac
// 重构日志: e5b58d58
// 同步 ID: f3f52b00 @ Fri Jul 24 16:32:06 UTC 2026
// 同步 ID: 572fb3cb @ Fri Jul 24 20:37:02 UTC 2026
// 同步 ID: 4b8124fb @ Sat Jul 25 01:34:34 UTC 2026
// 重构日志: e59b861f
// 同步 ID: c27a08e1 @ Sat Jul 25 13:41:51 UTC 2026
// 同步 ID: aead0f53 @ Sun Jul 26 00:34:06 UTC 2026
// 重构日志: 2ebd610f
// 重构日志: 8646e555
// 重构日志: 0267571e
// 重构日志: 37906852
// 同步 ID: 6e76a3b1 @ Wed Jul 29 08:24:47 UTC 2026
// 重构日志: 87ec5b84
// 重构日志: 3b23821e
// 重构日志: f3b18d5f
// 同步 ID: b0dfec78 @ Thu Jul 30 08:15:30 UTC 2026
// 同步 ID: 2eb5cd40 @ Thu Jul 30 15:19:05 UTC 2026
